Parasolid STEP Translator 20.0 true
Parasolid STEP Translator build number 26
System Name        : Windows_NT
Machine Name       : DESKTOP-1P759CL
User Name          : luong
Source System      : STEP
Destination System : GENERIC
Start Time         : Wed Mar 26 10:46:43 2025

--------------------------------------------------------------------------------
=== Translation Options ===
ReadClassVISolids : true
ReadClassVFacetedSolids : true
ReadClassIVSurfaces : true
ReadClassIIIWires : true
ReadClassIIWires : true
ReadClassIISurfaces : true
ReadClassVIAsTrimStitch : false
ProductDefBasedRead : true
SewFaces : true
StepToPs_SewTolerance : 0.000001 0.000100 10.000000
IdAttribsTransferOption : false
ProductId1stField : true
SewWithRollBack : false
OverrideFaceColorWithBodyColor : false
HealBody : true
StepToPsUnitWeightRationalBSurfaces : true
MergeTopology : false
FixFaFaInconsistency : false
ReadFreePoints : true
InterpretAngleAsDegreeIfReqd : true
StepToPsFixDegeneracies : true
StepToPsStringsAreLocale : false
StepToPsUseNAUOFields : false
ConvSolidToSolid : true
ConvSolidToClassIVFaces : false
ConvSolidToClassIIIWires : false
ConvSolidToClassIIFaces : false
ConvSolidToClassIIWires : false
ConvTrimToClassIVFaces : true
ConvTrimToClassIIIWires : false
ConvTrimToClassIIFaces : false
ConvTrimToClassIIWires : false
ConvWireToClassIIIWires : false
ConvWireToClassIIWires : true
WriteAP214 : false
WriteAssemAsContextDepShpRep : true
WriteUnit : metres
PsToStepNameAttribTransfOpt : false
PsToStepToPsLayerAttribTransfOpt : false
ProgramName : ""
AuthorName : ""
OrganisationName : ""
TimeStamp : ""
FileDesc : ""
ImplementationLevel : ""
SchemaName : ""
PreprocessorVersion : ""
Authorization : ""
PsToStepStringsAreLocale : false
PsToStepToPsAttribTransfOpt : true
===========================
--------------------------------------------------------------------------------
Start BRep
--------------------------------------------------------------------------------
----------------------------File Header Information-----------------------------

FILE_DESCRIPTION DATA
File Description     : '
Implementation Level : 2;1

FILE_NAME DATA
File Name            : ASMDAMPER_ASM
Date Time Stamp      : 2025-03-26T10:41:43
Author               : 'luong'
Organization         : '
PreProcessor Version : CREO PARAMETRIC BY PTC INC, 2020053
Originating System   : CREO PARAMETRIC BY PTC INC, 2020053
Authorization        : 

FILE_SCHEMA DATA
File Schema Name     : 'CONFIG_CONTROL_DESIGN'
--------------------------------------------------------------------------------
--------------------------------------------------------------------------------
End BRep
Result : Success
--------------------------------------------------------------------------------
--------------------------------------------------------------------------------
Start NewAssembly
--------------------------------------------------------------------------------
System Name        : Windows_NT
Machine Name       : DESKTOP-1P759CL
User Name          : luong
Source System      : STEP
Destination System : GENERIC
Start Time         : Wed Mar 26 10:46:43 2025

--------------------------------------------------------------------------------
--------------------------------------------------------------------------------
Start BRep
--------------------------------------------------------------------------------
--------------------------------------------------------------------------------
End BRep
Result : Success
--------------------------------------------------------------------------------
--------------------------------------------------------------------------------
-------------------------------Conversion Summary-------------------------------
No. of Assemblies                         :    0
No. of Solid Bodies                       :    1
No. of Trim Bodies                        :    0
No. of Wire Bodies                        :    0
No. of Point Bodies                       :    0
No. of Mixed Bodies                       :    0
No. of Point Bodies                       :    0
--------------------------------------------------------------------------------
--------------------------------------------------------------------------------
Finish Time : Wed Mar 26 10:46:43 2025

Translation Result : Success
--------------------------------------------------------------------------------
System Name        : Windows_NT
Machine Name       : DESKTOP-1P759CL
User Name          : luong
Source System      : STEP
Destination System : GENERIC
Start Time         : Wed Mar 26 10:46:43 2025

--------------------------------------------------------------------------------
--------------------------------------------------------------------------------
Start BRep
--------------------------------------------------------------------------------
--------------------------------------------------------------------------------
End BRep
Result : Success
--------------------------------------------------------------------------------
--------------------------------------------------------------------------------
-------------------------------Conversion Summary-------------------------------
No. of Assemblies                         :    0
No. of Solid Bodies                       :    0
No. of Trim Bodies                        :    4
No. of Wire Bodies                        :    0
No. of Point Bodies                       :    0
No. of Mixed Bodies                       :    0
No. of Point Bodies                       :    0
--------------------------------------------------------------------------------
--------------------------------------------------------------------------------
Finish Time : Wed Mar 26 10:46:43 2025

Translation Result : Success
--------------------------------------------------------------------------------
System Name        : Windows_NT
Machine Name       : DESKTOP-1P759CL
User Name          : luong
Source System      : STEP
Destination System : GENERIC
Start Time         : Wed Mar 26 10:46:43 2025

--------------------------------------------------------------------------------
--------------------------------------------------------------------------------
Start BRep
--------------------------------------------------------------------------------
--------------------------------------------------------------------------------
End BRep
Result : Success
--------------------------------------------------------------------------------
--------------------------------------------------------------------------------
-------------------------------Conversion Summary-------------------------------
No. of Assemblies                         :    0
No. of Solid Bodies                       :    1
No. of Trim Bodies                        :    0
No. of Wire Bodies                        :    0
No. of Point Bodies                       :    0
No. of Mixed Bodies                       :    0
No. of Point Bodies                       :    0
--------------------------------------------------------------------------------
--------------------------------------------------------------------------------
Finish Time : Wed Mar 26 10:46:43 2025

Translation Result : Success
--------------------------------------------------------------------------------
System Name        : Windows_NT
Machine Name       : DESKTOP-1P759CL
User Name          : luong
Source System      : STEP
Destination System : GENERIC
Start Time         : Wed Mar 26 10:46:43 2025

--------------------------------------------------------------------------------
--------------------------------------------------------------------------------
Start BRep
--------------------------------------------------------------------------------
--------------------------------------------------------------------------------
End BRep
Result : Success
--------------------------------------------------------------------------------
--------------------------------------------------------------------------------
-------------------------------Conversion Summary-------------------------------
No. of Assemblies                         :    0
No. of Solid Bodies                       :    1
No. of Trim Bodies                        :    0
No. of Wire Bodies                        :    0
No. of Point Bodies                       :    0
No. of Mixed Bodies                       :    0
No. of Point Bodies                       :    0
--------------------------------------------------------------------------------
--------------------------------------------------------------------------------
Finish Time : Wed Mar 26 10:46:43 2025

Translation Result : Success
--------------------------------------------------------------------------------
System Name        : Windows_NT
Machine Name       : DESKTOP-1P759CL
User Name          : luong
Source System      : STEP
Destination System : GENERIC
Start Time         : Wed Mar 26 10:46:43 2025

--------------------------------------------------------------------------------
--------------------------------------------------------------------------------
Start BRep
--------------------------------------------------------------------------------
--------------------------------------------------------------------------------
End BRep
Result : Success
--------------------------------------------------------------------------------
--------------------------------------------------------------------------------
-------------------------------Conversion Summary-------------------------------
No. of Assemblies                         :    0
No. of Solid Bodies                       :    0
No. of Trim Bodies                        :    5
No. of Wire Bodies                        :    0
No. of Point Bodies                       :    0
No. of Mixed Bodies                       :    0
No. of Point Bodies                       :    0
--------------------------------------------------------------------------------
--------------------------------------------------------------------------------
Finish Time : Wed Mar 26 10:46:43 2025

Translation Result : Success
--------------------------------------------------------------------------------
System Name        : Windows_NT
Machine Name       : DESKTOP-1P759CL
User Name          : luong
Source System      : STEP
Destination System : GENERIC
Start Time         : Wed Mar 26 10:46:43 2025

--------------------------------------------------------------------------------
--------------------------------------------------------------------------------
Start BRep
--------------------------------------------------------------------------------
--------------------------------------------------------------------------------
End BRep
Result : Success
--------------------------------------------------------------------------------
--------------------------------------------------------------------------------
-------------------------------Conversion Summary-------------------------------
No. of Assemblies                         :    0
No. of Solid Bodies                       :    1
No. of Trim Bodies                        :    0
No. of Wire Bodies                        :    0
No. of Point Bodies                       :    0
No. of Mixed Bodies                       :    0
No. of Point Bodies                       :    0
--------------------------------------------------------------------------------
--------------------------------------------------------------------------------
Finish Time : Wed Mar 26 10:46:43 2025

Translation Result : Success
--------------------------------------------------------------------------------
--------------------------------------------------------------------------------
End NewAssembly
Result : Success
--------------------------------------------------------------------------------
--------------------------------------------------------------------------------
-------------------------------Conversion Summary-------------------------------
No. of Assemblies                         :    1
No. of Solid Bodies                       :    0
No. of Trim Bodies                        :    0
No. of Wire Bodies                        :    0
No. of Point Bodies                       :    0
No. of Mixed Bodies                       :    0
No. of Point Bodies                       :    0
--------------------------------------------------------------------------------
--------------------------------------------------------------------------------
Finish Time : Wed Mar 26 10:46:43 2025

Translation Result : Success
--------------------------------------------------------------------------------
